[2026-05-28 10:28:28] Redeem coupon failed
{
    "error": "M\u00e3 \u01b0u \u0111\u00e3i ch\u01b0a \u0111\u1ebfn th\u1eddi gian \u0111\u1ed5i."
}
[2026-05-28 10:29:34] Redeem coupon failed
{
    "error": "M\u00e3 \u01b0u \u0111\u00e3i ch\u01b0a \u0111\u1ebfn th\u1eddi gian \u0111\u1ed5i."
}
[2026-05-28 10:29:35] Redeem coupon failed
{
    "error": "M\u00e3 \u01b0u \u0111\u00e3i ch\u01b0a \u0111\u1ebfn th\u1eddi gian \u0111\u1ed5i."
}
[2026-05-28 10:30:44] Redeem coupon failed
{
    "error": "M\u00e3 \u01b0u \u0111\u00e3i ch\u01b0a \u0111\u1ebfn th\u1eddi gian \u0111\u1ed5i."
}
[2026-05-28 10:36:49] Apply coupon failed
{
    "error": "M\u00e3 gi\u1ea3m gi\u00e1 ch\u01b0a \u0111\u1ebfn th\u1eddi gian s\u1eed d\u1ee5ng."
}
[2026-05-28 10:36:59] Apply coupon failed
{
    "error": "M\u00e3 gi\u1ea3m gi\u00e1 ch\u01b0a \u0111\u1ebfn th\u1eddi gian s\u1eed d\u1ee5ng."
}
[2026-05-28 10:37:01] Apply coupon failed
{
    "error": "M\u00e3 gi\u1ea3m gi\u00e1 ch\u01b0a \u0111\u1ebfn th\u1eddi gian s\u1eed d\u1ee5ng."
}
[2026-05-28 10:37:16] Apply coupon failed
{
    "error": "M\u00e3 gi\u1ea3m gi\u00e1 ch\u01b0a \u0111\u1ebfn th\u1eddi gian s\u1eed d\u1ee5ng."
}
[2026-05-28 10:37:17] Apply coupon failed
{
    "error": "M\u00e3 gi\u1ea3m gi\u00e1 ch\u01b0a \u0111\u1ebfn th\u1eddi gian s\u1eed d\u1ee5ng."
}
[2026-05-28 10:37:18] Apply coupon failed
{
    "error": "M\u00e3 gi\u1ea3m gi\u00e1 ch\u01b0a \u0111\u1ebfn th\u1eddi gian s\u1eed d\u1ee5ng."
}
[2026-05-28 10:37:18] Apply coupon failed
{
    "error": "M\u00e3 gi\u1ea3m gi\u00e1 ch\u01b0a \u0111\u1ebfn th\u1eddi gian s\u1eed d\u1ee5ng."
}
[2026-05-28 10:37:19] Apply coupon failed
{
    "error": "M\u00e3 gi\u1ea3m gi\u00e1 ch\u01b0a \u0111\u1ebfn th\u1eddi gian s\u1eed d\u1ee5ng."
}
[2026-05-28 10:37:19] Apply coupon failed
{
    "error": "M\u00e3 gi\u1ea3m gi\u00e1 ch\u01b0a \u0111\u1ebfn th\u1eddi gian s\u1eed d\u1ee5ng."
}
[2026-05-28 10:37:20] Apply coupon failed
{
    "error": "M\u00e3 gi\u1ea3m gi\u00e1 ch\u01b0a \u0111\u1ebfn th\u1eddi gian s\u1eed d\u1ee5ng."
}
[2026-05-28 10:37:20] Apply coupon failed
{
    "error": "M\u00e3 gi\u1ea3m gi\u00e1 ch\u01b0a \u0111\u1ebfn th\u1eddi gian s\u1eed d\u1ee5ng."
}
[2026-05-28 10:55:59] Apply coupon failed
{
    "error": "M\u00e3 gi\u1ea3m gi\u00e1 ch\u01b0a \u0111\u1ebfn th\u1eddi gian s\u1eed d\u1ee5ng."
}
[2026-05-28 10:56:00] Apply coupon failed
{
    "error": "M\u00e3 gi\u1ea3m gi\u00e1 ch\u01b0a \u0111\u1ebfn th\u1eddi gian s\u1eed d\u1ee5ng."
}
[2026-05-28 10:56:21] Apply coupon failed
{
    "error": "M\u00e3 gi\u1ea3m gi\u00e1 ch\u01b0a \u0111\u1ebfn th\u1eddi gian s\u1eed d\u1ee5ng."
}
[2026-05-28 10:56:22] Apply coupon failed
{
    "error": "M\u00e3 gi\u1ea3m gi\u00e1 ch\u01b0a \u0111\u1ebfn th\u1eddi gian s\u1eed d\u1ee5ng."
}
